Command: C:\Users\doise\.espressif\python_env\idf5.5_py3.11_env\Scripts\python.exe C:\Users\doise\esp\v5.5.1\esp-idf\tools/idf_monitor.py -p COM3 -b 115200 --toolchain-prefix xtensa-esp32-elf- --target esp32 --revision 0 C:\Users\doise\Desktop\67030043_Week11\043_Week-11-Microcontroller-applications\11-1\build\11-1.elf C:\Users\doise\Desktop\67030043_Week11\043_Week-11-Microcontroller-applications\11-1\build\bootloader\bootloader.elf --force-color -m 'C:\Users\doise\.espressif\python_env\idf5.5_py3.11_env\Scripts\python.exe' 'C:\Users\doise\esp\v5.5.1\esp-idf\tools\idf.py'
ï¿½ets Jul 29 2019 12:21:46

rst:0x1 (POWERON_RESET),boot:0x13 (SPI_FAST_FLASH_BOOT)
configsip: 0, SPIWP:0xee
clk_drv:0x00,q_drv:0x00,d_drv:0x00,cs0_drv:0x00,hd_drv:0x00,wp_drv:0x00
mode:DIO, clock div:2
load:0x3fff0030,len:6380
ho 0 tail 12 room 4
load:0x40078000,len:15916
load:0x40080400,len:3860
entry 0x40080638
[0;32mI (29) boot: ESP-IDF v5.5.1 2nd stage bootloader[0m
[0;32mI (29) boot: compile time Sep 24 2025 14:35:47[0m
[0;32mI (29) boot: Multicore bootloader[0m
[0;32mI (31) boot: chip revision: v3.1[0m
[0;32mI (33) boot.esp32: SPI Speed      : 40MHz[0m
[0;32mI (37) boot.esp32: SPI Mode       : DIO[0m
[0;32mI (41) boot.esp32: SPI Flash Size : 2MB[0m
[0;32mI (44) boot: Enabling RNG early entropy source...[0m
[0;32mI (49) boot: Partition Table:[0m
[0;32mI (51) boot: ## Label            Usage          Type ST Offset   Length[0m
[0;32mI (58) boot:  0 nvs              WiFi data        01 02 00009000 00006000[0m
[0;32mI (64) boot:  1 phy_init         RF data          01 01 0000f000 00001000[0m
[0;32mI (71) boot:  2 factory          factory app      00 00 00010000 00100000[0m
[0;32mI (77) boot: End of partition table[0m
[0;32mI (81) esp_image: segment 0: paddr=00010020 vaddr=3f400020 size=0a0d4h ( 41172) map[0m
[0;32mI (102) esp_image: segment 1: paddr=0001a0fc vaddr=3ffb0000 size=023f8h (  9208) load[0m
[0;32mI (106) esp_image: segment 2: paddr=0001c4fc vaddr=40080000 size=03b1ch ( 15132) load[0m
[0;32mI (112) esp_image: segment 3: paddr=00020020 vaddr=400d0020 size=1467ch ( 83580) map[0m
[0;32mI (142) esp_image: segment 4: paddr=000346a4 vaddr=40083b1c size=09494h ( 38036) load[0m
[0;32mI (157) esp_image: segment 5: paddr=0003db40 vaddr=50000000 size=00020h (    32) load[0m
[0;32mI (164) boot: Loaded app from partition at offset 0x10000[0m
[0;32mI (164) boot: Disabling RNG early entropy source...[0m
[0;32mI (175) cpu_start: Multicore app[0m
[0;32mI (184) cpu_start: Pro cpu start user code[0m
[0;32mI (184) cpu_start: cpu freq: 160000000 Hz[0m
[0;32mI (184) app_init: Application information:[0m
[0;32mI (184) app_init: Project name:     11-1[0m
[0;32mI (187) app_init: App version:      5a0da61[0m
[0;32mI (191) app_init: Compile time:     Sep 24 2025 14:33:22[0m
[0;32mI (196) app_init: ELF file SHA256:  e42571929...[0m
[0;32mI (201) app_init: ESP-IDF:          v5.5.1[0m
[0;32mI (204) efuse_init: Min chip rev:     v0.0[0m
[0;32mI (208) efuse_init: Max chip rev:     v3.99 [0m
[0;32mI (212) efuse_init: Chip rev:         v3.1[0m
[0;32mI (216) heap_init: Initializing. RAM available for dynamic allocation:[0m
[0;32mI (223) heap_init: At 3FFAE6E0 len 00001920 (6 KiB): DRAM[0m
[0;32mI (228) heap_init: At 3FFB2CC8 len 0002D338 (180 KiB): DRAM[0m
[0;32mI (233) heap_init: At 3FFE0440 len 00003AE0 (14 KiB): D/IRAM[0m
[0;32mI (238) heap_init: At 3FFE4350 len 0001BCB0 (111 KiB): D/IRAM[0m
[0;32mI (244) heap_init: At 4008CFB0 len 00013050 (76 KiB): IRAM[0m
[0;32mI (250) spi_flash: detected chip: generic[0m
[0;32mI (253) spi_flash: flash io: dio[0m
[0;33mW (256) spi_flash: Detected size(4096k) larger than the size in the binary image header(2048k). Using the size in the binary image header.[0m
[0;33mW (268) ADC: legacy driver is deprecated, please migrate to `esp_adc/adc_oneshot.h`[0m
[0;32mI (276) main_task: Started on CPU0[0m
[0;32mI (286) main_task: Calling app_main()[0m
ADC Value: 56, Voltage: 0.05 V
ADC Value: 457, Voltage: 0.37 V
ADC Value: 587, Voltage: 0.47 V
ADC Value: 711, Voltage: 0.57 V
ADC Value: 819, Voltage: 0.66 V
ADC Value: 913, Voltage: 0.74 V
ADC Value: 1111, Voltage: 0.90 V
ADC Value: 1523, Voltage: 1.23 V
ADC Value: 1565, Voltage: 1.26 V
ADC Value: 1614, Voltage: 1.30 V
ADC Value: 1437, Voltage: 1.16 V
ADC Value: 1359, Voltage: 1.10 V
ADC Value: 710, Voltage: 0.57 V
ADC Value: 734, Voltage: 0.59 V
ADC Value: 608, Voltage: 0.49 V
ADC Value: 402, Voltage: 0.32 V
ADC Value: 237, Voltage: 0.19 V
ADC Value: 119, Voltage: 0.10 V
ï¿½ï¿½ï¿½ï¿½ï¿½ï¿½ï¿½ï¿½ï¿½ï¿½ï¿½ï¿½ï¿½ï¿½ï¿½ï¿½ï¿½ï¿½ï¿½ï¿½ï¿½ï¿½ï¿½ï¿½ï¿½ï¿½ï¿½ï¿½ï¿½ï¿½ï¿½ï¿½ï¿½ï¿½ï¿½ï¿½ï¿½ï¿½ï¿½ï¿½ï¿½ï¿½ï¿½ï¿½ï¿½ï¿½ï¿½ï¿½ï¿½ï¿½ï¿½ï¿½ï¿½ï¿½ï¿½ï¿½ï¿½ï¿½ï¿½ï¿½ï¿½ï¿½ï¿½ï¿½DC Value: 0, Voltage: 0.00 V
ADC Value: 0, Voltage: 0.00 V
ADC Value: 118, Voltage: 0.10 V
ADC Value: 156, Voltage: 0.13 V
ADC Value: 0, Voltage: 0.00 V
ADC Value: 0, Voltage: 0.00 V
ADC Value: 0, Voltage: 0.00 V
ADC Value: 214, Voltage: 0.17 V
ADC Value: 641, Voltage: 0.52 V
ADC Value: 889, Voltage: 0.72 V
ADC Value: 1085, Voltage: 0.87 V
ADC Value: 1040, Voltage: 0.84 V
ADC Value: 1168, Voltage: 0.94 V
ADC Value: 1251, Voltage: 1.01 V
ADC Value: 1216, Voltage: 0.98 V
ADC Value: 1136, Voltage: 0.92 V
ADC Value: 957, Voltage: 0.77 V
ADC Value: 705, Voltage: 0.57 V
ADC Value: 641, Voltage: 0.52 V
ADC Value: 689, Voltage: 0.56 V
ADC Value: 579, Voltage: 0.47 V
ADC Value: 443, Voltage: 0.36 V
ADC Value: 320, Voltage: 0.26 V
ADC Value: 229, Voltage: 0.18 V
ADC Value: 159, Voltage: 0.13 V
ADC Value: 158, Voltage: 0.13 V
ADC Value: 174, Voltage: 0.14 V
ADC Value: 170, Voltage: 0.14 V
ADC Value: 80, Voltage: 0.06 V
ADC Value: 0, Voltage: 0.00 V
ADC Value: 70, Voltage: 0.06 V
ADC Value: 401, Voltage: 0.32 V
ADC Value: 595, Voltage: 0.48 V
ADC Value: 737, Voltage: 0.59 V
ï¿½ï¿½ï¿½ï¿½ï¿½ï¿½ï¿½ï¿½ï¿½ï¿½ï¿½ï¿½ï¿½ï¿½ï¿½ï¿½ï¿½ï¿½ï¿½ï¿½ï¿½ï¿½ï¿½ï¿½ï¿½ï¿½ï¿½ï¿½ï¿½ï¿½ï¿½ï¿½ï¿½ï¿½ï¿½ï¿½ï¿½ï¿½ï¿½ï¿½ï¿½ï¿½ï¿½ï¿½ï¿½ï¿½ï¿½ï¿½ï¿½ï¿½ï¿½ï¿½ï¿½ï¿½ï¿½ï¿½ï¿½ï¿½ï¿½ï¿½ï¿½ï¿½ï¿½ï¿½C Value: 894, Voltage: 0.72 V
ADC Value: 1049, Voltage: 0.85 V
ADC Value: 1182, Voltage: 0.95 V
ADC Value: 1237, Voltage: 1.00 V
ADC Value: 1236, Voltage: 1.00 V
ADC Value: 1112, Voltage: 0.90 V
ADC Value: 894, Voltage: 0.72 V
ADC Value: 631, Voltage: 0.51 V
ADC Value: 741, Voltage: 0.60 V
ADC Value: 695, Voltage: 0.56 V
ADC Value: 558, Voltage: 0.45 V
ADC Value: 431, Voltage: 0.35 V
ADC Value: 336, Voltage: 0.27 V
ADC Value: 240, Voltage: 0.19 V
ADC Value: 66, Voltage: 0.05 V
ADC Value: 22, Voltage: 0.02 V
ADC Value: 6, Voltage: 0.00 V
ADC Value: 16, Voltage: 0.01 V
ï¿½ï¿½ï¿½ï¿½ï¿½ï¿½ï¿½ï¿½ï¿½ï¿½ï¿½ï¿½ï¿½ï¿½ï¿½ï¿½ï¿½ï¿½ï¿½ï¿½ï¿½ï¿½ï¿½ï¿½ï¿½ï¿½ï¿½ï¿½ï¿½ï¿½ï¿½ï¿½ï¿½ï¿½ï¿½ï¿½ï¿½ï¿½ï¿½ï¿½ï¿½ï¿½ï¿½ï¿½ï¿½ï¿½ï¿½ï¿½ï¿½ï¿½ï¿½ï¿½ï¿½ï¿½ï¿½ï¿½ï¿½ï¿½ï¿½ï¿½ï¿½ï¿½ï¿½ï¿½DC Value: 30, Voltage: 0.02 V
ADC Value: 0, Voltage: 0.00 V
ADC Value: 0, Voltage: 0.00 V
ADC Value: 0, Voltage: 0.00 V
ADC Value: 0, Voltage: 0.00 V
ADC Value: 155, Voltage: 0.12 V
ADC Value: 432, Voltage: 0.35 V
ADC Value: 637, Voltage: 0.51 V
ADC Value: 649, Voltage: 0.52 V
ADC Value: 752, Voltage: 0.61 V
ADC Value: 833, Voltage: 0.67 V
ADC Value: 957, Voltage: 0.77 V
ADC Value: 1022, Voltage: 0.82 V
ADC Value: 1146, Voltage: 0.92 V
ADC Value: 1236, Voltage: 1.00 V
ADC Value: 1237, Voltage: 1.00 V
ADC Value: 1269, Voltage: 1.02 V
ADC Value: 1271, Voltage: 1.02 V
ADC Value: 1342, Voltage: 1.08 V
ADC Value: 1161, Voltage: 0.94 V
ADC Value: 862, Voltage: 0.69 V
ADC Value: 670, Voltage: 0.54 V
ADC Value: 660, Voltage: 0.53 V
ADC Value: 747, Voltage: 0.60 V
ADC Value: 675, Voltage: 0.54 V
ADC Value: 549, Voltage: 0.44 V
ADC Value: 458, Voltage: 0.37 V
ADC Value: 375, Voltage: 0.30 V
ADC Value: 305, Voltage: 0.25 V
ADC Value: 240, Voltage: 0.19 V
ADC Value: 174, Voltage: 0.14 V
ADC Value: 144, Voltage: 0.12 V
